exports[`test should render footer 1`] = `
<div>
  2016
</div>
`;
