exports[`test should render header 1`] = `
<header>
  <h1>
    A Todo List: 
    React & Redux TodoList
  </h1>
  <button
    onClick={[Function]}>
    Add
  </button>
</header>
`;
